src/mocks/db.ts(25,3): error TS2741: Property 'semester' is missing in type '{ id: string; name: string; code: string; credits: number; courseId: string; }' but required in type 'Subject'.
src/mocks/db.ts(26,3): error TS2741: Property 'semester' is missing in type '{ id: string; name: string; code: string; credits: number; courseId: string; }' but required in type 'Subject'.
src/mocks/db.ts(27,3): error TS2741: Property 'semester' is missing in type '{ id: string; name: string; code: string; credits: number; courseId: string; }' but required in type 'Subject'.
src/mocks/db.ts(28,3): error TS2741: Property 'semester' is missing in type '{ id: string; name: string; code: string; credits: number; courseId: string; }' but required in type 'Subject'.
src/mocks/db.ts(29,3): error TS2741: Property 'semester' is missing in type '{ id: string; name: string; code: string; credits: number; courseId: string; }' but required in type 'Subject'.
src/pages/Admin/Registries.tsx(31,52): error TS2345: Argument of type '{ name: string; code: string; credits: number; courseId: string; }' is not assignable to parameter of type 'Omit<Subject, "id">'.
  Property 'semester' is missing in type '{ name: string; code: string; credits: number; courseId: string; }' but required in type 'Omit<Subject, "id">'.
src/pages/Student/DetailedReport.tsx(28,29): error TS2339: Property 'getEvaluationDetails' does not exist on type '{ getEvaluationById: (evaluationId: string) => Promise<any>; getEvaluationByAnswerSheetId: (sheetId: string) => Promise<any>; startEvaluation: (sheetId: string) => Promise<...>; ... 6 more ...; getFacultyTopicTrends: () => Promise<...>; }'.
